// Jest Snapshot v1, https://goo.gl/fbAQLP

exports[`matches snapshot 1`] = `
<main
  className="d-flex flex-column align-center col-md-12"
>
  <div
    className="container d-flex flex-column align-center"
  >
    <table
      cellSpacing="0"
    >
      <thead>
        <tr>
          <th
            scope="col"
          >
            Mission
          </th>
          <th
            scope="col"
          >
            Description
          </th>
          <th
            scope="col"
          >
            Status
          </th>
          <th
            aria-label="empty-th"
            scope="col"
          />
        </tr>
      </thead>
      <tbody />
    </table>
  </div>
</main>
`;
