// Jest Snapshot v1, https://goo.gl/fbAQLP

exports[`matches snapshot 1`] = `
<main
  className="d-flex flex-column align-center col-md-12"
>
  <div
    className="container d-flex flex-column align-center"
  >
    <div
      className="col-md-8 col-sm-12 d-flex profile-inner"
    >
      <div
        className="my-missions col-md-6 col-sm-12 d-flex flex-column"
      >
        <h3>
          My Missions
        </h3>
        <div
          className="mission-list d-flex flex-column col-md-12"
        />
      </div>
      <div
        className="my-rockets col-md-6 col-sm-12 d-flex flex-column"
      >
        <h3>
          My Rockets
        </h3>
        <div
          className="rocket-list d-flex flex-column col-md-12"
        />
      </div>
    </div>
  </div>
</main>
`;
