// Jest Snapshot v1, https://goo.gl/fbAQLP

exports[`matches snapshot 1`] = `
<main
  className="d-flex flex-column align-center col-md-12"
>
  <div
    className="container rockets d-flex flex-column"
  />
</main>
`;
